10010001
01010001
11111110
00100111
11110001
01100010
00010000
00000010
01100110
00100010
11101110
11100010
11111110
11010101
01110001
01100110
10110001
00000110
01110101
01010101
01010101
00010000
11110001
01100010
11010001
01100010
01100111
11010001
00110001
00110001
00010000
01110101
00010101
11101111
10100111
00010000
01100111
01100010
11000011
11101111
00010000
00110101
10110001
10010001
01100011
11111110
00010000
11111101
10100011
00010010
